====================================================================================================
[START] EUROPEAN PREDICTOR - V25 (ADVANCED PORTFOLIO)
====================================================================================================

[0] INIZIO SCANSIONE EUROPA (V26 OPTIMIZED)...

[1] COSTRUZIONE DATASET GLOBALE (CACHE SYSTEM)...
--------------------------------------------------------------------------------
[CACHE] Trovato file 'history_cache.csv'. Caricamento dati storici da locale...
[CACHE] Caricati 3502 match storici dal file.
[API] Scaricamento stagione CORRENTE (2025) per dati aggiornati...
[API] Scaricamento Serie A (2025)...
 -> Serie A: 230 partite correnti scaricate.
[API] Scaricamento Premier League (2025)...
 -> Premier League: 240 partite correnti scaricate.
[API] Scaricamento La Liga (2025)...
 -> La Liga: 220 partite correnti scaricate.
[API] Scaricamento Bundesliga (2025)...
 -> Bundesliga: 179 partite correnti scaricate.
[API] Scaricamento Ligue 1 (2025)...
 -> Ligue 1: 180 partite correnti scaricate.
[OK] TOTALE GLOBALE: 4551 partite pronte (Storico + Corrente).

[1] USING V26 ENHANCED FEATURES (27 FEATURES WITH ADVANCED METRICS)...
[2] CALCOLO FEATURES V26 ENHANCED (19 → 27 FEATURES)...
[2] USING V26 OPTIMIZED TRAINING (ROBUST SCALING + CALIBRATION)...

[3] AI TRAINING (V26: ROBUST SCALING + FEATURE SELECTION + CALIBRATION)...
[INFO] Scaling features with RobustScaler (V26)...
[INFO] Split per giornata: 3592 train, 959 test (ultime 10 GG/lega)
[INFO] Feature selection with SelectKBest (V26)...
[INFO] Selected 20 best features from 28
[INFO] Wrapping model with CalibratedClassifierCV (V26)...
[TRAIN] Training V26 Optimized Stacking Ensemble...
------------------------------------------------------------
MODEL                | ACCURACY   | STATUS
------------------------------------------------------------
[WARN] Could not evaluate individual models: 'StackingClassifier' object has no attribute 'named_estimators_'
------------------------------------------------------------
STACKING V26         | 0.667      | [FINAL]
Precision (weighted) | 0.661      | [V26]
Recall (weighted)    | 0.667      | [V26]
------------------------------------------------------------
[INFO] Test set: ultime 10 GG × 5 leghe = ~959 partite recenti
[INFO] V26 Model trained successfully with good stability.
[V26] Final Model Accuracy on Test Set: 0.667 (66.7%)

[4] ANALISI PARTITE FUTURE (TUTTE LE LEGHE) - V26...
[API] Scaricamento Serie A (2025)...
 -> Serie A: 10 match trovati.
[API] Scaricamento Premier League (2025)...
 -> Premier League: 10 match trovati.
[API] Scaricamento La Liga (2025)...
 -> La Liga: 10 match trovati.
[API] Scaricamento Bundesliga (2025)...
 -> Bundesliga: 9 match trovati.
[API] Scaricamento Ligue 1 (2025)...
 -> Ligue 1: 9 match trovati.

====================================================================================================
LEGA  | MATCH                               | PRED  | 1 %  | X %  | 2 %  | NG %
====================================================================================================
[V26] Feature selection applied: 20 features used
SA    | Verona vs Pisa                      | X     | 3    | 75   | 21   | 40  
SA    | Genoa vs Napoli                     | 2     | 4    | 40   | 55   | 56  
SA    | Fiorentina vs Torino                | 1     | 47   | 35   | 18   | 43  
SA    | Bologna vs Parma                    | 2     | 34   | 31   | 35   | 53  
SA    | Lecce vs Udinese                    | 2     | 4    | 45   | 51   | 59  
SA    | Sassuolo vs Inter                   | 1     | 68   | 8    | 24   | 44  
SA    | Juventus vs Lazio                   | 1     | 53   | 32   | 15   | 56  
SA    | Atalanta vs Cremonese               | X     | 4    | 77   | 19   | 74  
SA    | Roma vs Cagliari                    | 1     | 67   | 25   | 8    | 68  
SA    | Milan vs Como                       | 1     | 86   | 7    | 6    | 60  
PL    | Leeds vs Nottingham                 | 2     | 5    | 31   | 64   | 44  
PL    | Man United vs Tottenham             | 2     | 5    | 45   | 50   | 36  
PL    | Bournemouth vs Aston Villa          | 2     | 5    | 41   | 55   | 33  
PL    | Arsenal vs Sunderland               | X     | 5    | 78   | 17   | 51  
PL    | Burnley vs West Ham                 | X     | 4    | 57   | 39   | 38  
PL    | Fulham vs Everton                   | 2     | 21   | 36   | 44   | 48  
PL    | Wolves vs Chelsea                   | 1     | 47   | 12   | 41   | 59  
PL    | Newcastle vs Brentford              | 1     | 72   | 11   | 16   | 42  
PL    | Brighton vs Crystal Palace          | X     | 17   | 56   | 27   | 56  
PL    | Liverpool vs Man City               | 1     | 57   | 22   | 21   | 40  
PD    | Celta vs Osasuna                    | 1     | 71   | 15   | 14   | 45  
PD    | Barcelona vs Mallorca               | 1     | 87   | 8    | 6    | 35  
PD    | Real Sociedad vs Elche              | X     | 3    | 73   | 23   | 34  
PD    | Alaves vs Getafe                    | 2     | 18   | 35   | 47   | 61  
PD    | Athletic Club vs Levante            | 1     | 87   | 8    | 5    | 53  
PD    | Sevilla vs Girona                   | 1     | 49   | 12   | 38   | 47  
PD    | Atletico vs Real Betis              | 1     | 73   | 16   | 11   | 44  
PD    | Valencia vs Real Madrid             | 2     | 19   | 13   | 68   | 55  
PD    | Villarreal vs Espanyol              | 1     | 87   | 7    | 6    | 46  
PD    | Rayo vs Oviedo                      | X     | 3    | 76   | 21   | 61  
BL1   | Union Berlin vs Frankfurt           | 1     | 56   | 18   | 27   | 31  
BL1   | Wolfsburg vs Dortmund               | 2     | 4    | 25   | 70   | 27  
BL1   | Freiburg vs Werder Bremen           | 1     | 87   | 7    | 6    | 41  
BL1   | St. Pauli vs Stuttgart              | 2     | 40   | 20   | 40   | 41  
BL1   | Mainz vs Augsburg                   | 1     | 74   | 14   | 12   | 47  
BL1   | Heidenheim vs Hamburger SV          | 2     | 5    | 26   | 69   | 42  
BL1   | Gladbach vs Leverkusen              | 2     | 4    | 33   | 63   | 40  
BL1   | Koln vs Leipzig                     | 2     | 5    | 24   | 72   | 37  
BL1   | Bayern vs Hoffenheim                | 1     | 82   | 9    | 9    | 22  
FL1   | Metz vs Lille                       | 2     | 5    | 25   | 70   | 38  
FL1   | Lens vs Rennes                      | X     | 18   | 63   | 19   | 41  
FL1   | Brest vs Lorient                    | 1     | 79   | 12   | 9    | 46  
FL1   | Nantes vs Lyon                      | 2     | 4    | 26   | 70   | 47  
FL1   | Nice vs Monaco                      | 1     | 54   | 18   | 29   | 41  
FL1   | Le Havre vs Strasbourg              | 1     | 52   | 17   | 32   | 62  
FL1   | Auxerre vs Paris FC                 | X     | 3    | 73   | 24   | 57  
FL1   | Angers vs Toulouse                  | 2     | 38   | 12   | 50   | 49  
FL1   | PSG vs Marseille                    | 1     | 87   | 7    | 6    | 31  
[QUOTE] Assegnazione quote ai match (MATCHING INTELLIGENTE V2)...
[WARN] Quote NON trovate per: Milan - Como (SA). Uso default.
[WARN] Quote NON trovate per: Sevilla - Girona (PD). Uso default.
[WARN] Quote NON trovate per: Rayo - Oviedo (PD). Uso default.
[WARN] Quote NON trovate per: St. Pauli - Stuttgart (BL1). Uso default.
[WARN] Quote NON trovate per: Koln - Leipzig (BL1). Uso default.
[WARN] Quote NON trovate per: Nantes - Lyon (FL1). Uso default.
[WARN] Quote NON trovate per: Nice - Monaco (FL1). Uso default.
[WARN] Quote NON trovate per: PSG - Marseille (FL1). Uso default.
[OK] Quote assegnate correttamente a 40/48 match.

[SCHEDINE V26] Generazione Portfolio Tiered Avanzato...
[TIER 1] 🛡️ ULTRA SAFE - Doppie ad alta probabilità (profit 5-10%)
[TIER 2] 🏰 SAFE - Tripla con buone quote (profit 10-20%)
[TIER 3] ⚖️ BALANCED - Acca equilibrata (profit 15-30%)
[TIER 4] 🎯 QUOTA PAZZA - Una sola scommessa aggressiva (profit 50-100%)
[TIER 5] 💎 VALUE - Caccia al valore (10% budget)
[PORTFOLIO] ✅ Generato portfolio sostenibile: 12 schedine



$$$$$$$$$$$$$$$$$$$$$$$$$$$$$$$$$$$$$$$$$$$$$$$$$$$$$$$$$$$$$$$$$$$$$$$$$$$$$$$$$$$$$$$$$$$$$$$$$$$$
$$   PORTAFOGLIO INTELLIGENTE V25 (AI-OPTIMIZED)   $$
$$   BUDGET: 100.0€ | ACCURACY: 66.7%   $$
$$$$$$$$$$$$$$$$$$$$$$$$$$$$$$$$$$$$$$$$$$$$$$$$$$$$$$$$$$$$$$$$$$$$$$$$$$$$$$$$$$$$$$$$$$$$$$$$$$$$

====================================================================================================
🛡️ TIER 1: IL BUNKER
====================================================================================================
Budget Tier: 50.00€ | Usato: 14.53€ | Rimanente: 35.47€

  1. IL BUNKER 🛡️
     Qualità: 50.4/100 | EV: 0.348 | ROI Teorico: 82.0%
     Quota: 1.82 | Prob.: 74.0% | N° Gambe: 2
     💰 PUNTATA: 9.53€ → VINCITA POTENZIALE: 17.34€
     --------------------------------------------------------------------------------
     1. [PL] Burnley vs West Ham                           [2X  ] @1.30
     2. [BL1] Heidenheim vs Hamburger SV                   [2X  ] @1.40

  2. IL BUNKER 🛡️
     Qualità: 47.8/100 | EV: 0.191 | ROI Teorico: 62.0%
     Quota: 1.62 | Prob.: 73.5% | N° Gambe: 2
     💰 PUNTATA: 5.00€ → VINCITA POTENZIALE: 8.10€
     --------------------------------------------------------------------------------
     1. [SA] Lecce vs Udinese                              [2X  ] @1.35
     2. [BL1] Freiburg vs Werder Bremen                    [1X  ] @1.20


====================================================================================================
🏰 TIER 2: IL TRINCERONE
====================================================================================================
Budget Tier: 30.00€ | Usato: 20.36€ | Rimanente: 9.64€

  3. IL TRINCERONE 🏰
     Qualità: 39.2/100 | EV: 0.582 | ROI Teorico: 221.4%
     Quota: 3.21 | Prob.: 49.2% | N° Gambe: 3
     💰 PUNTATA: 12.00€ → VINCITA POTENZIALE: 38.57€
     --------------------------------------------------------------------------------
     1. [PL] Bournemouth vs Aston Villa                    [2X  ] @1.43
     2. [PD] Atletico vs Real Betis                        [1   ] @1.45
     3. [SA] Verona vs Pisa                                [2X  ] @1.55

  4. IL TRINCERONE 🏰
     Qualità: 37.7/100 | EV: 0.712 | ROI Teorico: 441.6%
     Quota: 5.42 | Prob.: 31.6% | N° Gambe: 3
     💰 PUNTATA: 8.36€ → VINCITA POTENZIALE: 45.30€
     --------------------------------------------------------------------------------
     1. [BL1] Wolfsburg vs Dortmund                        [2   ] @1.70
     2. [PL] Brighton vs Crystal Palace                    [2X  ] @1.80
     3. [SA] Atalanta vs Cremonese                         [NG  ] @1.77


====================================================================================================
⚖️ TIER 3: LA BILANCIA
====================================================================================================
Budget Tier: 15.00€ | Usato: 10.00€ | Rimanente: 5.00€

  5. LA BILANCIA ⚖️
     Qualità: 38.3/100 | EV: 0.852 | ROI Teorico: 687.5%
     Quota: 7.88 | Prob.: 23.5% | N° Gambe: 3
     💰 PUNTATA: 5.00€ → VINCITA POTENZIALE: 39.38€
     --------------------------------------------------------------------------------
     1. [PD] Real Sociedad vs Elche                        [GG  ] @1.75
     2. [SA] Bologna vs Parma                              [2X  ] @2.25
     3. [BL1] Mainz vs Augsburg                            [1   ] @2.00

  6. LA BILANCIA ⚖️
     Qualità: 26.9/100 | EV: 0.200 | ROI Teorico: 552.1%
     Quota: 6.52 | Prob.: 18.4% | N° Gambe: 3
     💰 PUNTATA: 5.00€ → VINCITA POTENZIALE: 32.60€
     --------------------------------------------------------------------------------
     1. [PD] Barcelona vs Mallorca                         [GG  ] @1.87
     2. [FL1] Le Havre vs Strasbourg                       [NG  ] @1.97
     3. [FL1] Metz vs Lille                                [GG  ] @1.77


====================================================================================================
💎 TIER 4: IL CACCIATORE
====================================================================================================
Budget Tier: 5.00€ | Usato: 5.00€ | Rimanente: 0.00€

  7. IL CACCIATORE 💎
     Qualità: 74.8/100 | EV: 4.067 | ROI Teorico: 2025.0%
     Quota: 21.25 | Prob.: 23.8% | N° Gambe: 2
     💰 PUNTATA: 5.00€ → VINCITA POTENZIALE: 106.25€
     --------------------------------------------------------------------------------
     1. [FL1] Angers vs Toulouse                           [1   ] @3.40
     2. [PL] Arsenal vs Sunderland                         [X   ] @6.25

====================================================================================================
RIEPILOGO PORTAFOGLIO
====================================================================================================
Schedine Proposte: 7
Budget Totale Impiegato: 49.89€ (49.9% del budget)
Budget Rimanente: 50.11€
Expected Value Medio: 0.99
ROI Atteso: 581.7%
====================================================================================================
✅ CONSIGLIO: Distribuisci le schedine su più settimane per diversificare il rischio.
✅ GESTIONE: Se raggiungi +30% di profitto, reinvesti solo il 50% degli utili.
====================================================================================================


[DONE] Analisi Completata (V26).
