====================================================================================================
[START] EUROPEAN PREDICTOR - V25 (ADVANCED PORTFOLIO)
====================================================================================================

[0] INIZIO SCANSIONE EUROPA (V26 OPTIMIZED)...

[1] COSTRUZIONE DATASET GLOBALE (CACHE SYSTEM)...
--------------------------------------------------------------------------------
[CACHE] Trovato file 'history_cache.csv'. Caricamento dati storici da locale...
[CACHE] Caricati 3502 match storici dal file.
[API] Scaricamento stagione CORRENTE (2025) per dati aggiornati...
[API] Scaricamento Serie A (2025)...
 -> Serie A: 230 partite correnti scaricate.
[API] Scaricamento Premier League (2025)...
 -> Premier League: 240 partite correnti scaricate.
[API] Scaricamento La Liga (2025)...
 -> La Liga: 219 partite correnti scaricate.
[API] Scaricamento Bundesliga (2025)...
 -> Bundesliga: 179 partite correnti scaricate.
[API] Scaricamento Ligue 1 (2025)...
 -> Ligue 1: 180 partite correnti scaricate.
[OK] TOTALE GLOBALE: 4550 partite pronte (Storico + Corrente).

[1] USING V26 ENHANCED FEATURES (27 FEATURES WITH ADVANCED METRICS)...
[2] CALCOLO FEATURES V26 ENHANCED (19 → 27 FEATURES)...
[OK] Training Set Creato: 4550 campioni con 27 features (V26).
[2] USING V26 OPTIMIZED TRAINING (ROBUST SCALING + CALIBRATION)...

[3] AI TRAINING (V26: ROBUST SCALING + FEATURE SELECTION + CALIBRATION)...
[INFO] Scaling features with RobustScaler (V26)...
[INFO] Dataset split: 3867 training, 683 test
[INFO] Feature selection with SelectKBest (V26)...
[INFO] Selected 20 best features from 28
[INFO] Wrapping model with CalibratedClassifierCV (V26)...
[TRAIN] Training V26 Optimized Stacking Ensemble...
------------------------------------------------------------
MODEL                | ACCURACY   | STATUS
------------------------------------------------------------
[WARN] Could not evaluate individual models: 'StackingClassifier' object has no attribute 'named_estimators_'
------------------------------------------------------------
STACKING V26         | 0.684      | [FINAL]
Precision (weighted) | 0.683      | [V26]
Recall (weighted)    | 0.684      | [V26]
------------------------------------------------------------
[INFO] V26 Model trained successfully with good stability.
[V26] Final Model Accuracy on Test Set: 0.684 (68.4%)

[4] ANALISI PARTITE FUTURE (TUTTE LE LEGHE) - V26...
[API] Scaricamento Serie A (2025)...
 -> Serie A: 10 match trovati.
[API] Scaricamento Premier League (2025)...
 -> Premier League: 10 match trovati.
[API] Scaricamento La Liga (2025)...
 -> La Liga: 10 match trovati.
[API] Scaricamento Bundesliga (2025)...
 -> Bundesliga: 9 match trovati.
[API] Scaricamento Ligue 1 (2025)...
 -> Ligue 1: 9 match trovati.

====================================================================================================
LEGA  | MATCH                               | PRED  | 1 %  | X %  | 2 %  | NG %
====================================================================================================
[V26] Feature selection applied: 20 features used
SA    | Verona vs Pisa                      | X     | 4    | 69   | 27   | 40  
SA    | Genoa vs Napoli                     | 2     | 4    | 46   | 50   | 56  
SA    | Fiorentina vs Torino                | 1     | 49   | 37   | 14   | 43  
SA    | Bologna vs Parma                    | 2     | 33   | 27   | 41   | 53  
SA    | Lecce vs Udinese                    | 2     | 4    | 42   | 54   | 59  
SA    | Sassuolo vs Inter                   | 1     | 76   | 7    | 17   | 44  
SA    | Juventus vs Lazio                   | 1     | 45   | 41   | 14   | 56  
SA    | Atalanta vs Cremonese               | X     | 4    | 76   | 20   | 74  
SA    | Roma vs Cagliari                    | 1     | 67   | 24   | 9    | 68  
SA    | Milan vs Como                       | 1     | 84   | 9    | 7    | 60  
PL    | Leeds vs Nottingham                 | 2     | 5    | 35   | 60   | 44  
PL    | Man United vs Tottenham             | X     | 4    | 48   | 48   | 36  
PL    | Bournemouth vs Aston Villa          | 2     | 4    | 42   | 54   | 33  
PL    | Arsenal vs Sunderland               | X     | 5    | 74   | 21   | 51  
PL    | Burnley vs West Ham                 | X     | 4    | 59   | 37   | 38  
PL    | Fulham vs Everton                   | X     | 17   | 45   | 38   | 48  
PL    | Wolves vs Chelsea                   | 1     | 57   | 9    | 33   | 59  
PL    | Newcastle vs Brentford              | 1     | 73   | 11   | 16   | 42  
PL    | Brighton vs Crystal Palace          | X     | 18   | 50   | 32   | 56  
PL    | Liverpool vs Man City               | 1     | 57   | 24   | 19   | 40  
PD    | Celta vs Osasuna                    | 1     | 73   | 14   | 13   | 45  
PD    | Rayo vs Oviedo                      | X     | 3    | 72   | 25   | 61  
PD    | Barcelona vs Mallorca               | 1     | 85   | 9    | 6    | 35  
PD    | Sevilla vs Girona                   | 1     | 56   | 12   | 32   | 47  
PD    | Real Sociedad vs Elche              | X     | 4    | 71   | 25   | 34  
PD    | Alaves vs Getafe                    | 2     | 15   | 39   | 46   | 61  
PD    | Athletic Club vs Levante            | 1     | 85   | 9    | 6    | 50  
PD    | Atletico vs Real Betis              | 1     | 73   | 17   | 10   | 44  
PD    | Valencia vs Real Madrid             | 2     | 23   | 13   | 63   | 55  
PD    | Villarreal vs Espanyol              | 1     | 85   | 9    | 6    | 45  
BL1   | Union Berlin vs Frankfurt           | 1     | 59   | 15   | 26   | 31  
BL1   | Wolfsburg vs Dortmund               | 2     | 4    | 23   | 73   | 27  
BL1   | Freiburg vs Werder Bremen           | 1     | 86   | 9    | 6    | 41  
BL1   | St. Pauli vs Stuttgart              | 2     | 41   | 18   | 41   | 41  
BL1   | Mainz vs Augsburg                   | 1     | 73   | 16   | 11   | 47  
BL1   | Heidenheim vs Hamburger SV          | 2     | 5    | 24   | 71   | 42  
BL1   | Gladbach vs Leverkusen              | 2     | 4    | 30   | 66   | 40  
BL1   | Koln vs Leipzig                     | 2     | 4    | 20   | 75   | 37  
BL1   | Bayern vs Hoffenheim                | 1     | 82   | 9    | 9    | 22  
FL1   | Metz vs Lille                       | 2     | 5    | 19   | 76   | 38  
FL1   | Lens vs Rennes                      | X     | 15   | 67   | 18   | 41  
FL1   | Brest vs Lorient                    | 1     | 81   | 11   | 8    | 46  
FL1   | Nantes vs Lyon                      | 2     | 4    | 24   | 72   | 47  
FL1   | Nice vs Monaco                      | 1     | 57   | 17   | 26   | 41  
FL1   | Le Havre vs Strasbourg              | 1     | 63   | 15   | 23   | 62  
FL1   | Auxerre vs Paris FC                 | X     | 4    | 68   | 29   | 57  
FL1   | Angers vs Toulouse                  | 2     | 32   | 11   | 57   | 49  
FL1   | PSG vs Marseille                    | 1     | 85   | 8    | 6    | 31  
[QUOTE] Assegnazione quote ai match (MATCHING INTELLIGENTE V2)...
[WARN] Quote NON trovate per: Milan - Como (SA). Uso default.
[WARN] Quote NON trovate per: Rayo - Oviedo (PD). Uso default.
[WARN] Quote NON trovate per: Sevilla - Girona (PD). Uso default.
[WARN] Quote NON trovate per: St. Pauli - Stuttgart (BL1). Uso default.
[WARN] Quote NON trovate per: Koln - Leipzig (BL1). Uso default.
[WARN] Quote NON trovate per: Nantes - Lyon (FL1). Uso default.
[WARN] Quote NON trovate per: Nice - Monaco (FL1). Uso default.
[WARN] Quote NON trovate per: PSG - Marseille (FL1). Uso default.
[OK] Quote assegnate correttamente a 40/48 match.

[SCHEDINE V26] Generazione Portfolio Tiered Avanzato...
[TIER 1] 🛡️ ULTRA SAFE - Doppie ad alta probabilità (profit 5-10%)
[TIER 2] 🏰 SAFE - Tripla con buone quote (profit 10-20%)
[TIER 3] ⚖️ BALANCED - Acca equilibrata (profit 15-30%)
[TIER 4] 🎯 QUOTA PAZZA - Una sola scommessa aggressiva (profit 50-100%)
[TIER 5] 💎 VALUE - Caccia al valore (10% budget)
[PORTFOLIO] ✅ Generato portfolio sostenibile: 9 schedine



$$$$$$$$$$$$$$$$$$$$$$$$$$$$$$$$$$$$$$$$$$$$$$$$$$$$$$$$$$$$$$$$$$$$$$$$$$$$$$$$$$$$$$$$$$$$$$$$$$$$
$$   PORTAFOGLIO INTELLIGENTE V25 (AI-OPTIMIZED)   $$
$$   BUDGET: 100.0€ | ACCURACY: 68.4%   $$
$$$$$$$$$$$$$$$$$$$$$$$$$$$$$$$$$$$$$$$$$$$$$$$$$$$$$$$$$$$$$$$$$$$$$$$$$$$$$$$$$$$$$$$$$$$$$$$$$$$$

====================================================================================================
🛡️ TIER 1: IL BUNKER
====================================================================================================
Budget Tier: 70.00€ | Usato: 3.00€ | Rimanente: 67.00€

  1. IL BUNKER 🛡️
     Qualità: 47.0/100 | EV: 0.193 | ROI Teorico: 71.5%
     Quota: 1.71 | Prob.: 69.6% | N° Gambe: 2
     💰 PUNTATA: 1.50€ → VINCITA POTENZIALE: 2.57€
     --------------------------------------------------------------------------------
     1. [SA] Lecce vs Udinese                              [2X  ] @1.35
     2. [BL1] Mainz vs Augsburg                            [1X  ] @1.27

  2. IL BUNKER 🛡️
     Qualità: 45.2/100 | EV: 0.036 | ROI Teorico: 41.6%
     Quota: 1.42 | Prob.: 73.2% | N° Gambe: 2
     💰 PUNTATA: 1.50€ → VINCITA POTENZIALE: 2.12€
     --------------------------------------------------------------------------------
     1. [SA] Genoa vs Napoli                               [2X  ] @1.19
     2. [PD] Villarreal vs Espanyol                        [1X  ] @1.19


====================================================================================================
🏰 TIER 2: IL TRINCERONE
====================================================================================================
Budget Tier: 15.00€ | Usato: 3.00€ | Rimanente: 12.00€

  3. IL TRINCERONE 🏰
     Qualità: 44.2/100 | EV: 0.878 | ROI Teorico: 270.2%
     Quota: 3.70 | Prob.: 50.7% | N° Gambe: 3
     💰 PUNTATA: 1.50€ → VINCITA POTENZIALE: 5.55€
     --------------------------------------------------------------------------------
     1. [FL1] Metz vs Lille                                [2   ] @1.55
     2. [PL] Bournemouth vs Aston Villa                    [2X  ] @1.43
     3. [PL] Leeds vs Nottingham                           [2X  ] @1.67

  4. IL TRINCERONE 🏰
     Qualità: 34.0/100 | EV: 0.404 | ROI Teorico: 271.7%
     Quota: 3.72 | Prob.: 37.8% | N° Gambe: 3
     💰 PUNTATA: 1.50€ → VINCITA POTENZIALE: 5.58€
     --------------------------------------------------------------------------------
     1. [BL1] Wolfsburg vs Dortmund                        [GG  ] @1.50
     2. [SA] Atalanta vs Cremonese                         [NG  ] @1.77
     3. [BL1] Heidenheim vs Hamburger SV                   [2X  ] @1.40


====================================================================================================
⚖️ TIER 3: LA BILANCIA
====================================================================================================
Budget Tier: 5.00€ | Usato: 3.00€ | Rimanente: 2.00€

  5. LA BILANCIA ⚖️
     Qualità: 52.0/100 | EV: 1.622 | ROI Teorico: 760.0%
     Quota: 8.60 | Prob.: 30.5% | N° Gambe: 3
     💰 PUNTATA: 1.50€ → VINCITA POTENZIALE: 12.90€
     --------------------------------------------------------------------------------
     1. [PL] Newcastle vs Brentford                        [1   ] @2.00
     2. [FL1] Lens vs Rennes                               [2X  ] @2.00
     3. [PL] Wolves vs Chelsea                             [1X  ] @2.15

  6. LA BILANCIA ⚖️
     Qualità: 33.2/100 | EV: 0.562 | ROI Teorico: 636.3%
     Quota: 7.36 | Prob.: 21.2% | N° Gambe: 3
     💰 PUNTATA: 1.50€ → VINCITA POTENZIALE: 11.04€
     --------------------------------------------------------------------------------
     1. [PD] Real Sociedad vs Elche                        [GG  ] @1.75
     2. [PD] Barcelona vs Mallorca                         [GG  ] @1.87
     3. [SA] Bologna vs Parma                              [2X  ] @2.25


====================================================================================================
💎 TIER 4: IL CACCIATORE
====================================================================================================
Budget Tier: 5.00€ | Usato: 3.00€ | Rimanente: 2.00€

  7. IL CACCIATORE 💎
     Qualità: 78.1/100 | EV: 6.894 | ROI Teorico: 1837.5%
     Quota: 19.38 | Prob.: 40.7% | N° Gambe: 2
     💰 PUNTATA: 1.50€ → VINCITA POTENZIALE: 29.06€
     --------------------------------------------------------------------------------
     1. [PL] Arsenal vs Sunderland                         [X   ] @6.25
     2. [FL1] Auxerre vs Paris FC                          [X   ] @3.10

  8. IL CACCIATORE 💎
     Qualità: 75.6/100 | EV: 5.765 | ROI Teorico: 2305.0%
     Quota: 24.05 | Prob.: 28.1% | N° Gambe: 2
     💰 PUNTATA: 1.50€ → VINCITA POTENZIALE: 36.08€
     --------------------------------------------------------------------------------
     1. [SA] Sassuolo vs Inter                             [1   ] @6.50
     2. [PD] Alaves vs Getafe                              [2   ] @3.70


====================================================================================================
🚀 TIER 5: IL PIRATA
====================================================================================================
Budget Tier: 5.00€ | Usato: 1.50€ | Rimanente: 3.50€

  9. IL PIRATA 🚀
     Qualità: 73.3/100 | EV: 2.444 | ROI Teorico: 1557.5%
     Quota: 16.57 | Prob.: 20.8% | N° Gambe: 2
     💰 PUNTATA: 1.50€ → VINCITA POTENZIALE: 24.86€
     --------------------------------------------------------------------------------
     1. [SA] Juventus vs Lazio                             [X   ] @4.25
     2. [FL1] Le Havre vs Strasbourg                       [1   ] @3.90

====================================================================================================
RIEPILOGO PORTAFOGLIO
====================================================================================================
Schedine Proposte: 9
Budget Totale Impiegato: 13.50€ (13.5% del budget)
Budget Rimanente: 86.50€
Expected Value Medio: 2.09
ROI Atteso: 861.2%
====================================================================================================
✅ CONSIGLIO: Distribuisci le schedine su più settimane per diversificare il rischio.
✅ GESTIONE: Se raggiungi +30% di profitto, reinvesti solo il 50% degli utili.
====================================================================================================


[DONE] Analisi Completata (V26).
