====================================================================================================
[START] EUROPEAN PREDICTOR - V25 (ADVANCED PORTFOLIO)
====================================================================================================

[0] INIZIO SCANSIONE EUROPA (V26 OPTIMIZED)...

[1] COSTRUZIONE DATASET GLOBALE (CACHE SYSTEM)...
--------------------------------------------------------------------------------
[CACHE] Trovato file 'history_cache.csv'. Caricamento dati storici da locale...
[CACHE] Caricati 3502 match storici dal file.
[API] Scaricamento stagione CORRENTE (2025) per dati aggiornati...
[API] Scaricamento Serie A (2025)...
 -> Serie A: 290 partite correnti scaricate.
[API] Scaricamento Premier League (2025)...
 -> Premier League: 300 partite correnti scaricate.
[API] Scaricamento La Liga (2025)...
 -> La Liga: 280 partite correnti scaricate.
[API] Scaricamento Bundesliga (2025)...
 -> Bundesliga: 234 partite correnti scaricate.
[API] Scaricamento Ligue 1 (2025)...
 -> Ligue 1: 233 partite correnti scaricate.
[OK] TOTALE GLOBALE: 4839 partite pronte (Storico + Corrente).

[1] USING V26 ENHANCED FEATURES (27 FEATURES WITH ADVANCED METRICS)...
[2] CALCOLO FEATURES V26 ENHANCED (19 → 27 FEATURES)...
[2] USING V26 OPTIMIZED TRAINING (ROBUST SCALING + CALIBRATION)...

[3] AI TRAINING (V26: ROBUST SCALING + FEATURE SELECTION + CALIBRATION)...
[INFO] Scaling features with RobustScaler (V26)...
[INFO] Split per giornata: 3815 train, 1024 test (ultime 10 GG/lega)
[INFO] Feature selection with SelectKBest (V26)...
[INFO] Selected 20 best features from 28
[INFO] Wrapping model with CalibratedClassifierCV (V26)...
[TRAIN] Training V26 Optimized Stacking Ensemble...
------------------------------------------------------------
MODEL                | ACCURACY   | STATUS
------------------------------------------------------------
[WARN] Could not evaluate individual models: 'StackingClassifier' object has no attribute 'named_estimators_'
------------------------------------------------------------
STACKING V26         | 0.643      | [FINAL]
Precision (weighted) | 0.633      | [V26]
Recall (weighted)    | 0.643      | [V26]
------------------------------------------------------------
[INFO] Test set: ultime 10 GG × 5 leghe = ~1024 partite recenti
[INFO] V26 Model trained successfully with good stability.
[V26] Final Model Accuracy on Test Set: 0.643 (64.3%)

[4] ANALISI PARTITE FUTURE (TUTTE LE LEGHE) - V26...
[API] Scaricamento Serie A (2025)...
 -> Serie A: 10 match trovati.
[API] Scaricamento Premier League (2025)...
 -> Premier League: 10 match trovati.
[API] Scaricamento La Liga (2025)...
 -> La Liga: 5 match trovati.
[API] Scaricamento Bundesliga (2025)...
 -> Bundesliga: 9 match trovati.
[API] Scaricamento Ligue 1 (2025)...
 -> Ligue 1: 9 match trovati.

====================================================================================================
LEGA  | MATCH                               | PRED  | 1 %  | X %  | 2 %  | NG %
====================================================================================================
[V26] Feature selection applied: 20 features used
SA    | Cagliari vs Napoli                  | 2     | 4    | 27   | 69   | 57  
SA    | Genoa vs Udinese                    | 1     | 85   | 8    | 7    | 44  
SA    | Parma vs Cremonese                  | X     | 4    | 72   | 24   | 63  
SA    | Milan vs Torino                     | 1     | 50   | 32   | 17   | 52  
SA    | Juventus vs Sassuolo                | 1     | 83   | 9    | 7    | 39  
SA    | Como vs Pisa                        | 1     | 86   | 8    | 5    | 46  
SA    | Atalanta vs Verona                  | 1     | 70   | 20   | 10   | 75  
SA    | Bologna vs Lazio                    | 1     | 74   | 14   | 12   | 52  
SA    | Roma vs Lecce                       | 1     | 85   | 9    | 6    | 72  
SA    | Fiorentina vs Inter                 | 2     | 28   | 15   | 57   | 40  
PL    | Wolves vs Arsenal                   | 2     | 4    | 33   | 63   | 66  
PL    | Bournemouth vs Man United           | 1     | 58   | 22   | 20   | 42  
PL    | Man City vs Crystal Palace          | 1     | 78   | 13   | 9    | 68  
PL    | Brighton vs Liverpool               | 2     | 17   | 27   | 56   | 49  
PL    | Fulham vs Burnley                   | 1     | 42   | 30   | 29   | 42  
PL    | Everton vs Chelsea                  | 2     | 18   | 20   | 62   | 52  
PL    | Leeds vs Brentford                  | X     | 3    | 73   | 24   | 43  
PL    | Newcastle vs Sunderland             | 2     | 6    | 36   | 58   | 41  
PL    | Aston Villa vs West Ham             | 1     | 69   | 17   | 13   | 49  
PL    | Tottenham vs Nottingham             | 1     | 46   | 16   | 38   | 45  
PD    | Athletic Club vs Osasuna            | 1     | 51   | 26   | 23   | 38  
PD    | Barcelona vs Celta                  | 1     | 85   | 8    | 7    | 40  
PD    | Levante vs Sevilla                  | 1     | 86   | 8    | 6    | 43  
PD    | Mallorca vs Valencia                | X     | 18   | 53   | 29   | 41  
PD    | Oviedo vs Villarreal                | 2     | 5    | 19   | 76   | 41  
BL1   | Leipzig vs Hoffenheim               | 1     | 61   | 17   | 22   | 32  
BL1   | Heidenheim vs Leverkusen            | 2     | 4    | 28   | 68   | 46  
BL1   | Wolfsburg vs Werder Bremen          | 1     | 57   | 16   | 27   | 41  
BL1   | Koln vs Gladbach                    | 1     | 50   | 23   | 27   | 45  
BL1   | Bayern vs Union Berlin              | 1     | 70   | 21   | 10   | 63  
BL1   | Dortmund vs Hamburger SV            | X     | 4    | 76   | 20   | 41  
BL1   | Mainz vs Frankfurt                  | X     | 16   | 56   | 28   | 36  
BL1   | St. Pauli vs Freiburg               | 1     | 49   | 22   | 29   | 50  
BL1   | Augsburg vs Stuttgart               | 2     | 5    | 17   | 78   | 36  
FL1   | Lens vs Angers                      | 1     | 83   | 8    | 9    | 57  
FL1   | Toulouse vs Lorient                 | 1     | 40   | 36   | 24   | 40  
FL1   | Auxerre vs Brest                    | 1     | 47   | 22   | 30   | 62  
FL1   | Nice vs PSG                         | 1     | 53   | 17   | 30   | 35  
FL1   | Lyon vs Monaco                      | 1     | 71   | 12   | 17   | 36  
FL1   | Paris FC vs Le Havre                | X     | 3    | 72   | 24   | 63  
FL1   | Marseille vs Lille                  | X     | 4    | 67   | 29   | 45  
FL1   | Rennes vs Metz                      | 1     | 74   | 20   | 6    | 47  
FL1   | Nantes vs Strasbourg                | 2     | 20   | 15   | 65   | 46  
[QUOTE] Assegnazione quote ai match (MATCHING INTELLIGENTE V2)...
[WARN] Quote NON trovate per: Wolves - Arsenal (PL). Uso default.
[WARN] Quote NON trovate per: Man City - Crystal Palace (PL). Uso default.
[WARN] Quote NON trovate per: Athletic Club - Osasuna (PD). Uso default.
[WARN] Quote NON trovate per: Barcelona - Celta (PD). Uso default.
[WARN] Quote NON trovate per: Levante - Sevilla (PD). Uso default.
[WARN] Quote NON trovate per: Mallorca - Valencia (PD). Uso default.
[WARN] Quote NON trovate per: Oviedo - Villarreal (PD). Uso default.
[WARN] Quote NON trovate per: Leipzig - Hoffenheim (BL1). Uso default.
[WARN] Quote NON trovate per: Koln - Gladbach (BL1). Uso default.
[WARN] Quote NON trovate per: Dortmund - Hamburger SV (BL1). Uso default.
[WARN] Quote NON trovate per: Mainz - Frankfurt (BL1). Uso default.
[WARN] Quote NON trovate per: Augsburg - Stuttgart (BL1). Uso default.
[WARN] Quote NON trovate per: Nice - PSG (FL1). Uso default.
[WARN] Quote NON trovate per: Lyon - Monaco (FL1). Uso default.
[WARN] Quote NON trovate per: Marseille - Lille (FL1). Uso default.
[OK] Quote assegnate correttamente a 28/43 match.

[SCHEDINE V26] Generazione Portfolio Tiered Avanzato...
[TIER 1] 🛡️ ULTRA SAFE - Doppie ad alta probabilità (profit 5-10%)
[TIER 2] 🏰 SAFE - Tripla con buone quote (profit 10-20%)
[TIER 3] ⚖️ BALANCED - Acca equilibrata (profit 15-30%)
[TIER 4] 🎯 QUOTA PAZZA - Una sola scommessa aggressiva (profit 50-100%)
[TIER 5] 💎 VALUE - Caccia al valore (10% budget)
[PORTFOLIO] ✅ Generato portfolio sostenibile: 10 schedine



$$$$$$$$$$$$$$$$$$$$$$$$$$$$$$$$$$$$$$$$$$$$$$$$$$$$$$$$$$$$$$$$$$$$$$$$$$$$$$$$$$$$$$$$$$$$$$$$$$$$
$$   PORTAFOGLIO INTELLIGENTE V25 (AI-OPTIMIZED)   $$
$$   BUDGET: 100.0€ | ACCURACY: 64.3%   $$
$$$$$$$$$$$$$$$$$$$$$$$$$$$$$$$$$$$$$$$$$$$$$$$$$$$$$$$$$$$$$$$$$$$$$$$$$$$$$$$$$$$$$$$$$$$$$$$$$$$$

====================================================================================================
🛡️ TIER 1: IL BUNKER
====================================================================================================
Budget Tier: 50.00€ | Usato: 10.00€ | Rimanente: 40.00€

  1. IL BUNKER 🛡️
     Qualità: 44.7/100 | EV: 0.083 | ROI Teorico: 62.4%
     Quota: 1.62 | Prob.: 66.7% | N° Gambe: 2
     💰 PUNTATA: 5.00€ → VINCITA POTENZIALE: 8.12€
     --------------------------------------------------------------------------------
     1. [SA] Bologna vs Lazio                              [1X  ] @1.32
     2. [SA] Genoa vs Udinese                              [1X  ] @1.23

  2. IL BUNKER 🛡️
     Qualità: 42.1/100 | EV: -0.039 | ROI Teorico: 50.8%
     Quota: 1.51 | Prob.: 63.7% | N° Gambe: 2
     💰 PUNTATA: 5.00€ → VINCITA POTENZIALE: 7.54€
     --------------------------------------------------------------------------------
     1. [PL] Everton vs Chelsea                            [2X  ] @1.30
     2. [BL1] Heidenheim vs Leverkusen                     [2X  ] @1.16


====================================================================================================
🏰 TIER 2: IL TRINCERONE
====================================================================================================
Budget Tier: 30.00€ | Usato: 17.00€ | Rimanente: 13.00€

  3. IL TRINCERONE 🏰
     Qualità: 55.2/100 | EV: 1.562 | ROI Teorico: 402.5%
     Quota: 5.03 | Prob.: 51.0% | N° Gambe: 3
     💰 PUNTATA: 12.00€ → VINCITA POTENZIALE: 60.30€
     --------------------------------------------------------------------------------
     1. [SA] Parma vs Cremonese                            [2X  ] @1.70
     2. [FL1] Paris FC vs Le Havre                         [2X  ] @1.77
     3. [SA] Atalanta vs Verona                            [NG  ] @1.67

  4. IL TRINCERONE 🏰
     Qualità: 31.9/100 | EV: 0.302 | ROI Teorico: 269.9%
     Quota: 3.70 | Prob.: 35.2% | N° Gambe: 3
     💰 PUNTATA: 5.00€ → VINCITA POTENZIALE: 18.49€
     --------------------------------------------------------------------------------
     1. [SA] Roma vs Lecce                                 [1   ] @1.48
     2. [PL] Bournemouth vs Man United                     [1X  ] @1.70
     3. [BL1] St. Pauli vs Freiburg                        [1X  ] @1.47


====================================================================================================
⚖️ TIER 3: LA BILANCIA
====================================================================================================
Budget Tier: 15.00€ | Usato: 10.00€ | Rimanente: 5.00€

  5. LA BILANCIA ⚖️
     Qualità: 44.0/100 | EV: 1.127 | ROI Teorico: 607.6%
     Quota: 7.08 | Prob.: 30.1% | N° Gambe: 3
     💰 PUNTATA: 5.00€ → VINCITA POTENZIALE: 35.38€
     --------------------------------------------------------------------------------
     1. [BL1] Bayern vs Union Berlin                       [NG  ] @1.77
     2. [PL] Aston Villa vs West Ham                       [1   ] @1.95
     3. [PL] Newcastle vs Sunderland                       [2X  ] @2.05

  6. LA BILANCIA ⚖️
     Qualità: 29.6/100 | EV: 0.349 | ROI Teorico: 566.7%
     Quota: 6.67 | Prob.: 20.2% | N° Gambe: 3
     💰 PUNTATA: 5.00€ → VINCITA POTENZIALE: 33.34€
     --------------------------------------------------------------------------------
     1. [SA] Cagliari vs Napoli                            [2   ] @1.73
     2. [FL1] Auxerre vs Brest                             [NG  ] @1.88
     3. [FL1] Nantes vs Strasbourg                         [2   ] @2.05


====================================================================================================
💎 TIER 4: IL CACCIATORE
====================================================================================================
Budget Tier: 5.00€ | Usato: 5.00€ | Rimanente: 0.00€

  7. IL CACCIATORE 💎
     Qualità: 44.4/100 | EV: 0.616 | ROI Teorico: 608.0%
     Quota: 7.08 | Prob.: 22.8% | N° Gambe: 2
     💰 PUNTATA: 5.00€ → VINCITA POTENZIALE: 35.40€
     --------------------------------------------------------------------------------
     1. [BL1] Wolfsburg vs Werder Bremen                   [1   ] @2.40
     2. [SA] Milan vs Torino                               [2X  ] @2.95

====================================================================================================
RIEPILOGO PORTAFOGLIO
====================================================================================================
Schedine Proposte: 7
Budget Totale Impiegato: 42.00€ (42.0% del budget)
Budget Rimanente: 58.00€
Expected Value Medio: 0.57
ROI Atteso: 366.8%
====================================================================================================
✅ CONSIGLIO: Distribuisci le schedine su più settimane per diversificare il rischio.
✅ GESTIONE: Se raggiungi +30% di profitto, reinvesti solo il 50% degli utili.
====================================================================================================


[DONE] Analisi Completata (V26).
