====================================================================================================
[START] EUROPEAN PREDICTOR - V25 (ADVANCED PORTFOLIO)
====================================================================================================

[0] INIZIO SCANSIONE EUROPA (V26 OPTIMIZED)...

[1] COSTRUZIONE DATASET GLOBALE (CACHE SYSTEM)...
--------------------------------------------------------------------------------
[CACHE] Trovato file 'history_cache.csv'. Caricamento dati storici da locale...
[CACHE] Caricati 3502 match storici dal file.
[API] Scaricamento stagione CORRENTE (2025) per dati aggiornati...
[API] Scaricamento Serie A (2025)...
 -> Serie A: 230 partite correnti scaricate.
[API] Scaricamento Premier League (2025)...
 -> Premier League: 240 partite correnti scaricate.
[API] Scaricamento La Liga (2025)...
 -> La Liga: 220 partite correnti scaricate.
[API] Scaricamento Bundesliga (2025)...
 -> Bundesliga: 180 partite correnti scaricate.
[API] Scaricamento Ligue 1 (2025)...
 -> Ligue 1: 180 partite correnti scaricate.
[OK] TOTALE GLOBALE: 4552 partite pronte (Storico + Corrente).

[1] USING V26 ENHANCED FEATURES (27 FEATURES WITH ADVANCED METRICS)...
[2] CALCOLO FEATURES V26 ENHANCED (19 → 27 FEATURES)...
[OK] Training Set Creato: 4552 campioni con 27 features (V26).
[2] USING V26 OPTIMIZED TRAINING (ROBUST SCALING + CALIBRATION)...

[3] AI TRAINING (V26: ROBUST SCALING + FEATURE SELECTION + CALIBRATION)...
[INFO] Scaling features with RobustScaler (V26)...
[INFO] Dataset split: 3869 training, 683 test
[INFO] Feature selection with SelectKBest (V26)...
[INFO] Selected 20 best features from 28
[INFO] Wrapping model with CalibratedClassifierCV (V26)...
[TRAIN] Training V26 Optimized Stacking Ensemble...
------------------------------------------------------------
MODEL                | ACCURACY   | STATUS
------------------------------------------------------------
[WARN] Could not evaluate individual models: 'StackingClassifier' object has no attribute 'named_estimators_'
------------------------------------------------------------
STACKING V26         | 0.682      | [FINAL]
Precision (weighted) | 0.683      | [V26]
Recall (weighted)    | 0.682      | [V26]
------------------------------------------------------------
[INFO] V26 Model trained successfully with good stability.
[V26] Final Model Accuracy on Test Set: 0.682 (68.2%)

[4] ANALISI PARTITE FUTURE (TUTTE LE LEGHE) - V26...
[API] Scaricamento Serie A (2025)...
 -> Serie A: 10 match trovati.
[API] Scaricamento Premier League (2025)...
 -> Premier League: 10 match trovati.
[API] Scaricamento La Liga (2025)...
 -> La Liga: 10 match trovati.
[API] Scaricamento Bundesliga (2025)...
 -> Bundesliga: 9 match trovati.
[API] Scaricamento Ligue 1 (2025)...
 -> Ligue 1: 9 match trovati.

====================================================================================================
LEGA  | MATCH                               | PRED  | 1 %  | X %  | 2 %  | NG %
====================================================================================================
[V26] Feature selection applied: 20 features used
SA    | Verona vs Pisa                      | X     | 4    | 66   | 30   | 40  
SA    | Genoa vs Napoli                     | 2     | 4    | 46   | 50   | 56  
SA    | Fiorentina vs Torino                | 1     | 49   | 36   | 14   | 43  
SA    | Bologna vs Parma                    | 2     | 33   | 27   | 40   | 53  
SA    | Lecce vs Udinese                    | 2     | 4    | 40   | 56   | 59  
SA    | Sassuolo vs Inter                   | 1     | 75   | 7    | 18   | 44  
SA    | Juventus vs Lazio                   | 1     | 46   | 39   | 14   | 56  
SA    | Atalanta vs Cremonese               | X     | 4    | 75   | 21   | 74  
SA    | Roma vs Cagliari                    | 1     | 68   | 22   | 10   | 68  
SA    | Milan vs Como                       | 1     | 84   | 9    | 7    | 60  
PL    | Leeds vs Nottingham                 | 2     | 5    | 36   | 59   | 44  
PL    | Man United vs Tottenham             | X     | 4    | 50   | 46   | 36  
PL    | Bournemouth vs Aston Villa          | 2     | 4    | 44   | 52   | 33  
PL    | Arsenal vs Sunderland               | X     | 5    | 74   | 21   | 51  
PL    | Burnley vs West Ham                 | X     | 4    | 58   | 38   | 38  
PL    | Fulham vs Everton                   | X     | 18   | 44   | 38   | 48  
PL    | Wolves vs Chelsea                   | 1     | 57   | 10   | 34   | 59  
PL    | Newcastle vs Brentford              | 1     | 75   | 11   | 15   | 42  
PL    | Brighton vs Crystal Palace          | X     | 17   | 51   | 31   | 56  
PL    | Liverpool vs Man City               | 1     | 58   | 23   | 19   | 40  
PD    | Celta vs Osasuna                    | 1     | 73   | 14   | 13   | 45  
PD    | Barcelona vs Mallorca               | 1     | 84   | 9    | 7    | 35  
PD    | Real Sociedad vs Elche              | X     | 4    | 71   | 25   | 34  
PD    | Alaves vs Getafe                    | 2     | 16   | 37   | 47   | 61  
PD    | Athletic Club vs Levante            | 1     | 85   | 9    | 6    | 53  
PD    | Sevilla vs Girona                   | 1     | 56   | 13   | 32   | 47  
PD    | Atletico vs Real Betis              | 1     | 74   | 17   | 9    | 44  
PD    | Valencia vs Real Madrid             | 2     | 24   | 13   | 63   | 55  
PD    | Villarreal vs Espanyol              | 1     | 85   | 9    | 6    | 46  
PD    | Rayo vs Oviedo                      | X     | 4    | 69   | 28   | 61  
BL1   | Union Berlin vs Frankfurt           | 1     | 60   | 15   | 25   | 31  
BL1   | Wolfsburg vs Dortmund               | 2     | 4    | 21   | 75   | 27  
BL1   | Freiburg vs Werder Bremen           | 1     | 85   | 9    | 6    | 41  
BL1   | St. Pauli vs Stuttgart              | 1     | 42   | 18   | 40   | 41  
BL1   | Mainz vs Augsburg                   | 1     | 73   | 16   | 11   | 47  
BL1   | Heidenheim vs Hamburger SV          | 2     | 5    | 24   | 71   | 43  
BL1   | Gladbach vs Leverkusen              | 2     | 4    | 36   | 60   | 45  
BL1   | Koln vs Leipzig                     | 2     | 5    | 20   | 76   | 37  
BL1   | Bayern vs Hoffenheim                | 1     | 82   | 9    | 9    | 22  
FL1   | Metz vs Lille                       | 2     | 5    | 17   | 78   | 38  
FL1   | Lens vs Rennes                      | X     | 15   | 66   | 19   | 41  
FL1   | Brest vs Lorient                    | 1     | 81   | 11   | 8    | 46  
FL1   | Nantes vs Lyon                      | 2     | 4    | 23   | 73   | 47  
FL1   | Nice vs Monaco                      | 1     | 59   | 16   | 25   | 41  
FL1   | Le Havre vs Strasbourg              | 1     | 64   | 14   | 22   | 62  
FL1   | Auxerre vs Paris FC                 | X     | 4    | 68   | 28   | 57  
FL1   | Angers vs Toulouse                  | 2     | 33   | 11   | 56   | 49  
FL1   | PSG vs Marseille                    | 1     | 85   | 8    | 7    | 31  
[QUOTE] Assegnazione quote ai match (MATCHING INTELLIGENTE V2)...
[WARN] Quote NON trovate per: Milan - Como (SA). Uso default.
[WARN] Quote NON trovate per: Sevilla - Girona (PD). Uso default.
[WARN] Quote NON trovate per: Rayo - Oviedo (PD). Uso default.
[WARN] Quote NON trovate per: St. Pauli - Stuttgart (BL1). Uso default.
[WARN] Quote NON trovate per: Koln - Leipzig (BL1). Uso default.
[WARN] Quote NON trovate per: Nantes - Lyon (FL1). Uso default.
[WARN] Quote NON trovate per: Nice - Monaco (FL1). Uso default.
[WARN] Quote NON trovate per: PSG - Marseille (FL1). Uso default.
[OK] Quote assegnate correttamente a 40/48 match.

[SCHEDINE V26] Generazione Portfolio Tiered Avanzato...
[TIER 1] 🛡️ ULTRA SAFE - Doppie ad alta probabilità (profit 5-10%)
[TIER 2] 🏰 SAFE - Tripla con buone quote (profit 10-20%)
[TIER 3] ⚖️ BALANCED - Acca equilibrata (profit 15-30%)
[TIER 4] 🎯 QUOTA PAZZA - Una sola scommessa aggressiva (profit 50-100%)
[TIER 5] 💎 VALUE - Caccia al valore (10% budget)
[PORTFOLIO] ✅ Generato portfolio sostenibile: 9 schedine



$$$$$$$$$$$$$$$$$$$$$$$$$$$$$$$$$$$$$$$$$$$$$$$$$$$$$$$$$$$$$$$$$$$$$$$$$$$$$$$$$$$$$$$$$$$$$$$$$$$$
$$   PORTAFOGLIO INTELLIGENTE V25 (AI-OPTIMIZED)   $$
$$   BUDGET: 100.0€ | ACCURACY: 68.2%   $$
$$$$$$$$$$$$$$$$$$$$$$$$$$$$$$$$$$$$$$$$$$$$$$$$$$$$$$$$$$$$$$$$$$$$$$$$$$$$$$$$$$$$$$$$$$$$$$$$$$$$

====================================================================================================
🛡️ TIER 1: IL BUNKER
====================================================================================================
Budget Tier: 70.00€ | Usato: 3.00€ | Rimanente: 67.00€

  1. IL BUNKER 🛡️
     Qualità: 47.7/100 | EV: 0.188 | ROI Teorico: 62.0%
     Quota: 1.62 | Prob.: 73.4% | N° Gambe: 2
     💰 PUNTATA: 1.50€ → VINCITA POTENZIALE: 2.43€
     --------------------------------------------------------------------------------
     1. [SA] Lecce vs Udinese                              [2X  ] @1.35
     2. [BL1] Freiburg vs Werder Bremen                    [1X  ] @1.20

  2. IL BUNKER 🛡️
     Qualità: 47.5/100 | EV: 0.157 | ROI Teorico: 54.7%
     Quota: 1.55 | Prob.: 74.8% | N° Gambe: 2
     💰 PUNTATA: 1.50€ → VINCITA POTENZIALE: 2.32€
     --------------------------------------------------------------------------------
     1. [SA] Genoa vs Napoli                               [2X  ] @1.19
     2. [PL] Burnley vs West Ham                           [2X  ] @1.30


====================================================================================================
🏰 TIER 2: IL TRINCERONE
====================================================================================================
Budget Tier: 15.00€ | Usato: 3.00€ | Rimanente: 12.00€

  3. IL TRINCERONE 🏰
     Qualità: 42.4/100 | EV: 0.856 | ROI Teorico: 325.8%
     Quota: 4.26 | Prob.: 43.6% | N° Gambe: 3
     💰 PUNTATA: 1.50€ → VINCITA POTENZIALE: 6.39€
     --------------------------------------------------------------------------------
     1. [BL1] Wolfsburg vs Dortmund                        [GG  ] @1.50
     2. [PL] Leeds vs Nottingham                           [2X  ] @1.67
     3. [PD] Villarreal vs Espanyol                        [1   ] @1.70

  4. IL TRINCERONE 🏰
     Qualità: 36.0/100 | EV: 0.497 | ROI Teorico: 271.7%
     Quota: 3.72 | Prob.: 40.3% | N° Gambe: 3
     💰 PUNTATA: 1.50€ → VINCITA POTENZIALE: 5.58€
     --------------------------------------------------------------------------------
     1. [BL1] Heidenheim vs Hamburger SV                   [2X  ] @1.40
     2. [BL1] Bayern vs Hoffenheim                         [GG  ] @1.50
     3. [SA] Atalanta vs Cremonese                         [NG  ] @1.77


====================================================================================================
⚖️ TIER 3: LA BILANCIA
====================================================================================================
Budget Tier: 5.00€ | Usato: 3.00€ | Rimanente: 2.00€

  5. LA BILANCIA ⚖️
     Qualità: 44.3/100 | EV: 1.140 | ROI Teorico: 600.0%
     Quota: 7.00 | Prob.: 30.6% | N° Gambe: 3
     💰 PUNTATA: 1.50€ → VINCITA POTENZIALE: 10.50€
     --------------------------------------------------------------------------------
     1. [PD] Real Sociedad vs Elche                        [GG  ] @1.75
     2. [PL] Newcastle vs Brentford                        [1   ] @2.00
     3. [FL1] Lens vs Rennes                               [2X  ] @2.00

  6. LA BILANCIA ⚖️
     Qualità: 29.2/100 | EV: 0.348 | ROI Teorico: 642.1%
     Quota: 7.42 | Prob.: 18.2% | N° Gambe: 3
     💰 PUNTATA: 1.50€ → VINCITA POTENZIALE: 11.13€
     --------------------------------------------------------------------------------
     1. [BL1] Gladbach vs Leverkusen                       [2   ] @1.95
     2. [FL1] Metz vs Lille                                [GG  ] @1.77
     3. [PL] Wolves vs Chelsea                             [1X  ] @2.15


====================================================================================================
💎 TIER 4: IL CACCIATORE
====================================================================================================
Budget Tier: 5.00€ | Usato: 3.00€ | Rimanente: 2.00€

  7. IL CACCIATORE 💎
     Qualità: 80.5/100 | EV: 5.668 | ROI Teorico: 1171.0%
     Quota: 12.71 | Prob.: 52.5% | N° Gambe: 2
     💰 PUNTATA: 1.50€ → VINCITA POTENZIALE: 19.06€
     --------------------------------------------------------------------------------
     1. [PL] Arsenal vs Sunderland                         [2X  ] @4.10
     2. [FL1] Auxerre vs Paris FC                          [X   ] @3.10

  8. IL CACCIATORE 💎
     Qualità: 54.2/100 | EV: 1.287 | ROI Teorico: 1160.2%
     Quota: 12.60 | Prob.: 18.1% | N° Gambe: 2
     💰 PUNTATA: 1.50€ → VINCITA POTENZIALE: 18.90€
     --------------------------------------------------------------------------------
     1. [PL] Brighton vs Crystal Palace                    [X   ] @3.55
     2. [PL] Bournemouth vs Aston Villa                    [X   ] @3.55


====================================================================================================
🚀 TIER 5: IL PIRATA
====================================================================================================
Budget Tier: 5.00€ | Usato: 1.50€ | Rimanente: 3.50€

  9. IL PIRATA 🚀
     Qualità: 76.1/100 | EV: 7.913 | ROI Teorico: 2825.0%
     Quota: 29.25 | Prob.: 30.5% | N° Gambe: 2
     💰 PUNTATA: 1.50€ → VINCITA POTENZIALE: 43.88€
     --------------------------------------------------------------------------------
     1. [PL] Man United vs Tottenham                       [X   ] @4.50
     2. [SA] Sassuolo vs Inter                             [1   ] @6.50

====================================================================================================
RIEPILOGO PORTAFOGLIO
====================================================================================================
Schedine Proposte: 9
Budget Totale Impiegato: 13.50€ (13.5% del budget)
Budget Rimanente: 86.50€
Expected Value Medio: 2.01
ROI Atteso: 790.3%
====================================================================================================
✅ CONSIGLIO: Distribuisci le schedine su più settimane per diversificare il rischio.
✅ GESTIONE: Se raggiungi +30% di profitto, reinvesti solo il 50% degli utili.
====================================================================================================


[DONE] Analisi Completata (V26).
====================================================================================================
[START] EUROPEAN PREDICTOR - V25 (ADVANCED PORTFOLIO)
====================================================================================================
====================================================================================================
[START] EUROPEAN PREDICTOR - V25 (ADVANCED PORTFOLIO)
====================================================================================================
====================================================================================================
[START] EUROPEAN PREDICTOR - V25 (ADVANCED PORTFOLIO)
====================================================================================================

[0] INIZIO SCANSIONE EUROPA (V26 OPTIMIZED)...

[1] COSTRUZIONE DATASET GLOBALE (CACHE SYSTEM)...
--------------------------------------------------------------------------------
[CACHE] Trovato file 'history_cache.csv'. Caricamento dati storici da locale...
[CACHE] Caricati 3502 match storici dal file.
[API] Scaricamento stagione CORRENTE (2025) per dati aggiornati...
[API] Scaricamento Serie A (2025)...
 -> Serie A: 230 partite correnti scaricate.
[API] Scaricamento Premier League (2025)...
 -> Premier League: 240 partite correnti scaricate.
[API] Scaricamento La Liga (2025)...
 -> La Liga: 220 partite correnti scaricate.
[API] Scaricamento Bundesliga (2025)...
 -> Bundesliga: 180 partite correnti scaricate.
[API] Scaricamento Ligue 1 (2025)...
 -> Ligue 1: 180 partite correnti scaricate.
[OK] TOTALE GLOBALE: 4552 partite pronte (Storico + Corrente).

[1] USING V26 ENHANCED FEATURES (27 FEATURES WITH ADVANCED METRICS)...
[2] CALCOLO FEATURES V26 ENHANCED (19 → 27 FEATURES)...
====================================================================================================
[START] EUROPEAN PREDICTOR - V25 (ADVANCED PORTFOLIO)
====================================================================================================
====================================================================================================
[START] EUROPEAN PREDICTOR - V25 (ADVANCED PORTFOLIO)
====================================================================================================
====================================================================================================
[START] EUROPEAN PREDICTOR - V25 (ADVANCED PORTFOLIO)
====================================================================================================
====================================================================================================
[START] EUROPEAN PREDICTOR - V25 (ADVANCED PORTFOLIO)
====================================================================================================
====================================================================================================
[START] EUROPEAN PREDICTOR - V25 (ADVANCED PORTFOLIO)
====================================================================================================
====================================================================================================
[START] EUROPEAN PREDICTOR - V25 (ADVANCED PORTFOLIO)
====================================================================================================
====================================================================================================
[START] EUROPEAN PREDICTOR - V25 (ADVANCED PORTFOLIO)
====================================================================================================

[0] INIZIO SCANSIONE EUROPA (V26 OPTIMIZED)...

[1] COSTRUZIONE DATASET GLOBALE (CACHE SYSTEM)...
--------------------------------------------------------------------------------
[CACHE] Trovato file 'history_cache.csv'. Caricamento dati storici da locale...
[CACHE] Caricati 3502 match storici dal file.
[API] Scaricamento stagione CORRENTE (2025) per dati aggiornati...
[API] Scaricamento Serie A (2025)...
 -> Serie A: 230 partite correnti scaricate.
[API] Scaricamento Premier League (2025)...
 -> Premier League: 240 partite correnti scaricate.
[API] Scaricamento La Liga (2025)...
 -> La Liga: 220 partite correnti scaricate.
[API] Scaricamento Bundesliga (2025)...
 -> Bundesliga: 180 partite correnti scaricate.
[API] Scaricamento Ligue 1 (2025)...
 -> Ligue 1: 180 partite correnti scaricate.
[OK] TOTALE GLOBALE: 4552 partite pronte (Storico + Corrente).

[1] USING V26 ENHANCED FEATURES (27 FEATURES WITH ADVANCED METRICS)...
[2] CALCOLO FEATURES V26 ENHANCED (19 → 27 FEATURES)...
[OK] Training Set Creato: 4552 campioni con 27 features (V26).
[2] USING V26 OPTIMIZED TRAINING (ROBUST SCALING + CALIBRATION)...

[3] AI TRAINING (V26: ROBUST SCALING + FEATURE SELECTION + CALIBRATION)...
[INFO] Scaling features with RobustScaler (V26)...
[INFO] Dataset split: 3869 training, 683 test
[INFO] Feature selection with SelectKBest (V26)...
[INFO] Selected 20 best features from 28
[INFO] Wrapping model with CalibratedClassifierCV (V26)...
[TRAIN] Training V26 Optimized Stacking Ensemble...
[ERROR] Training failed: A task has failed to un-serialize. Please ensure that the arguments of the function are all picklable.
====================================================================================================
[START] EUROPEAN PREDICTOR - V25 (ADVANCED PORTFOLIO)
====================================================================================================
====================================================================================================
[START] EUROPEAN PREDICTOR - V25 (ADVANCED PORTFOLIO)
====================================================================================================
====================================================================================================
[START] EUROPEAN PREDICTOR - V25 (ADVANCED PORTFOLIO)
====================================================================================================

[0] INIZIO SCANSIONE EUROPA (V26 OPTIMIZED)...

[1] COSTRUZIONE DATASET GLOBALE (CACHE SYSTEM)...
--------------------------------------------------------------------------------
[CACHE] Trovato file 'history_cache.csv'. Caricamento dati storici da locale...
[CACHE] Caricati 3502 match storici dal file.
[API] Scaricamento stagione CORRENTE (2025) per dati aggiornati...
[API] Scaricamento Serie A (2025)...
 -> Serie A: 230 partite correnti scaricate.
[API] Scaricamento Premier League (2025)...
 -> Premier League: 240 partite correnti scaricate.
[API] Scaricamento La Liga (2025)...
 -> La Liga: 220 partite correnti scaricate.
[API] Scaricamento Bundesliga (2025)...
 -> Bundesliga: 180 partite correnti scaricate.
[API] Scaricamento Ligue 1 (2025)...
 -> Ligue 1: 180 partite correnti scaricate.
[OK] TOTALE GLOBALE: 4552 partite pronte (Storico + Corrente).

[1] USING V26 ENHANCED FEATURES (27 FEATURES WITH ADVANCED METRICS)...
[2] CALCOLO FEATURES V26 ENHANCED (19 → 27 FEATURES)...
====================================================================================================
[START] EUROPEAN PREDICTOR - V25 (ADVANCED PORTFOLIO)
====================================================================================================
